[2026-09-05 11:57:32.270 +08:00] [INFO] Office HQ PDF Converter v2 started.
[2026-09-05 11:57:32.290 +08:00] [INFO] PowerShell=5.1.19041.7663; OS=Microsoft Windows NT 10.0.19045.0; Process64Bit=True
[2026-09-05 11:57:32.292 +08:00] [INFO] Quality strategy: Acrobat PDFMaker first; Word high-image-quality API second; classic Office export last.
[2026-09-05 11:57:32.310 +08:00] [INFO] ======================================================================
[2026-09-05 11:57:32.313 +08:00] [INFO] Source file: demo_Report.docx (5.259 MB)
[2026-09-05 11:57:32.315 +08:00] [INFO] Output file: demo_Report.pdf
[2026-09-05 11:57:32.318 +08:00] [INFO] Preferred path: Adobe Acrobat PDFMaker -> Office native fallback.
[2026-09-05 11:57:32.321 +08:00] [INFO] Starting Microsoft Word.
[2026-09-05 11:57:34.133 +08:00] [DEBUG] Office AutomationSecurity set to ForceDisable.
[2026-09-05 11:57:34.138 +08:00] [INFO] Word version=16.0, build=16.0.17932
[2026-09-05 11:57:34.643 +08:00] [INFO] Found PDFMaker add-in. ProgId='PDFMaker.OfficeAddin', Description='Acrobat PDFMaker Office COM Addin'
[2026-09-05 11:57:34.677 +08:00] [WARN] GetCurrentConversionSettings failed; trying default settings. | Type=System.Runtime.InteropServices.COMException; HRESULT=0x80004005; Message=Error HRESULT E_FAIL has been returned from a call to a COM component.
[2026-09-05 11:57:34.690 +08:00] [ERROR] Unable to obtain PDFMaker conversion settings. | Type=System.Runtime.InteropServices.COMException; HRESULT=0x80004005; Message=Error HRESULT E_FAIL has been returned from a call to a COM component.
[2026-09-05 11:57:34.704 +08:00] [INFO] Trying Word ExportAsFixedFormat3 with OptimizeForImageQuality=True.
[2026-09-05 11:57:34.950 +08:00] [WARN] ExportAsFixedFormat3 failed. | Type=System.Management.Automation.RuntimeException; HRESULT=0x80131501; Message=Method invocation failed because [Microsoft.Office.Interop.Word.DocumentClass] does not contain a method named 'ExportAsFixedFormat3'.
[2026-09-05 11:57:34.952 +08:00] [INFO] Trying Word ExportAsFixedFormat2 with OptimizeForImageQuality=True.
[2026-09-05 11:57:34.971 +08:00] [WARN] ExportAsFixedFormat2 failed. | Type=System.ArgumentException; HRESULT=0x80070057; Message=Value does not fall within the expected range.
[2026-09-05 11:57:34.975 +08:00] [WARN] Falling back to classic Word ExportAsFixedFormat. This engine commonly downsamples images.
[2026-09-05 11:57:39.536 +08:00] [OK] Created demo_Report.pdf: 1.693 MB in 7.24 s using Word ExportAsFixedFormat classic
[2026-09-05 11:57:39.579 +08:00] [INFO] Diagnostics written: 20260905_115739_554_demo_Report_v2.json
[2026-09-05 11:57:39.582 +08:00] [INFO] ======================================================================
[2026-09-05 11:57:39.583 +08:00] [INFO] Finished. Success=1; Failed=0
[2026-09-05 11:57:39.583 +08:00] [INFO] Session log: 20260905_115732_268_Office_HQ_PDF.log
